C51 COMPILER V9.01   MAIN                                                                  09/06/2026 08:31:24 PAGE 1   


C51 COMPILER V9.01, COMPILATION OF MODULE MAIN
OBJECT MODULE PLACED IN main.OBJ
COMPILER INVOKED BY: C:\Keil\C51\BIN\C51.EXE main.c BROWSE DEBUG OBJECTEXTEND

line level    source

   1          /**************************************************************************************
   2          * 实验现象：
   3          *       下载程序后，步进电机自动旋转
   4          *
   5          *       串口发送：
   6          *       1：改变电机旋转方向
   7          *       2：电机加速
   8          *       3：电机减速
   9          *       0：运行/停止切换
  10          *       s：显示当前电机状态
  11          *
  12          * 接线说明：
  13          *       单片机 --> 四线双极性步进电机模块
  14          *               P10 --> IA
  15          *               P11 --> IB
  16          *               P12 --> IC
  17          *               P13 --> ID
  18          *
  19          *       串口：
  20          *               使用开发板原有串口
  21          *
  22          ***************************************************************************************/
  23          
  24          #include "reg52.h"
  25          
  26          typedef unsigned int  u16;
  27          typedef unsigned char u8;
  28          
  29          
  30          /*==================== 电机引脚 ====================*/
  31          
  32          sbit MOTOA = P1^0;
  33          sbit MOTOB = P1^1;
  34          sbit MOTOC = P1^2;
  35          sbit MOTOD = P1^3;
  36          
  37          
  38          /*==================== 电机参数 ====================*/
  39          
  40          /*
  41           * SPEED越小，电机越快
  42           * SPEED越大，电机越慢
  43           */
  44          u16 SPEED = 200;
  45          
  46          
  47          /*
  48           * direction = 1：正转
  49           * direction = 0：反转
  50           */
  51          bit direction = 1;
  52          
  53          
  54          /*
  55           * motor_run = 1：运行
C51 COMPILER V9.01   MAIN                                                                  09/06/2026 08:31:24 PAGE 2   

  56           * motor_run = 0：停止
  57           */
  58          bit motor_run = 1;
  59          
  60          
  61          /*==================== 串口命令计数 ====================*/
  62          
  63          /*
  64           * 不再只使用一个uart_command变量。
  65           *
  66           * 这样连续发送多个命令时，
  67           * 不容易因为电机正在delay而丢失命令。
  68           */
  69          
  70          u8 cmd_1_count = 0;
  71          u8 cmd_2_count = 0;
  72          u8 cmd_3_count = 0;
  73          u8 cmd_0_count = 0;
  74          u8 cmd_s_count = 0;
  75          
  76          
  77          /*******************************************************************************
  78          * 函数名       : delay
  79          * 函数功能     : 延时函数
  80          *******************************************************************************/
  81          void delay(u16 i)
  82          {
  83   1          while(i--);
  84   1      }
  85          
  86          
  87          /*******************************************************************************
  88          * 函数名       : motor_forward
  89          * 函数功能     : 电机正转
  90          *
  91          * 注意：
  92          *       这里完全保持原来能够正常转动的代码
  93          *******************************************************************************/
  94          void motor_forward()
  95          {
  96   1          MOTOA = 1;
  97   1          MOTOB = 0;
  98   1          MOTOC = 1;
  99   1          MOTOD = 1;
 100   1          delay(SPEED);
 101   1      
 102   1          MOTOA = 1;
 103   1          MOTOB = 1;
 104   1          MOTOC = 1;
 105   1          MOTOD = 0;
 106   1          delay(SPEED);
 107   1      
 108   1          MOTOA = 0;
 109   1          MOTOB = 1;
 110   1          MOTOC = 1;
 111   1          MOTOD = 1;
 112   1          delay(SPEED);
 113   1      
 114   1          MOTOA = 1;
 115   1          MOTOB = 1;
 116   1          MOTOC = 0;
 117   1          MOTOD = 1;
C51 COMPILER V9.01   MAIN                                                                  09/06/2026 08:31:24 PAGE 3   

 118   1          delay(SPEED);
 119   1      }
 120          
 121          
 122          /*******************************************************************************
 123          * 函数名       : motor_reverse
 124          * 函数功能     : 电机反转
 125          *
 126          * 注意：
 127          *       这里完全保持原来能够正常转动的代码
 128          *******************************************************************************/
 129          void motor_reverse()
 130          {
 131   1          MOTOA = 1;
 132   1          MOTOB = 1;
 133   1          MOTOC = 0;
 134   1          MOTOD = 1;
 135   1          delay(SPEED);
 136   1      
 137   1          MOTOA = 0;
 138   1          MOTOB = 1;
 139   1          MOTOC = 1;
 140   1          MOTOD = 1;
 141   1          delay(SPEED);
 142   1      
 143   1          MOTOA = 1;
 144   1          MOTOB = 1;
 145   1          MOTOC = 1;
 146   1          MOTOD = 0;
 147   1          delay(SPEED);
 148   1      
 149   1          MOTOA = 1;
 150   1          MOTOB = 0;
 151   1          MOTOC = 1;
 152   1          MOTOD = 1;
 153   1          delay(SPEED);
 154   1      }
 155          
 156          
 157          /*******************************************************************************
 158          * 函数名       : motor_stop
 159          * 函数功能     : 停止电机并关闭绕组
 160          *******************************************************************************/
 161          void motor_stop()
 162          {
 163   1          MOTOA = 0;
 164   1          MOTOB = 0;
 165   1          MOTOC = 0;
 166   1          MOTOD = 0;
 167   1      }
 168          
 169          
 170          /*******************************************************************************
 171          * 函数名       : uart_init
 172          * 函数功能     : 串口初始化
 173          *******************************************************************************/
 174          void uart_init()
 175          {
 176   1          /*
 177   1           * 定时器1方式2
 178   1           */
 179   1          TMOD &= 0x0F;
C51 COMPILER V9.01   MAIN                                                                  09/06/2026 08:31:24 PAGE 4   

 180   1          TMOD |= 0x20;
 181   1      
 182   1          /*
 183   1           * 串口方式1
 184   1           * 允许接收
 185   1           */
 186   1          SCON = 0x50;
 187   1      
 188   1          /*
 189   1           * SMOD = 1
 190   1           */
 191   1          PCON = 0x80;
 192   1      
 193   1          /*
 194   1           * 11.0592MHz晶振
 195   1           * 9600波特率
 196   1           */
 197   1          TH1 = 0xFA;
 198   1          TL1 = 0xFA;
 199   1      
 200   1          /*
 201   1           * 清除串口标志
 202   1           */
 203   1          TI = 0;
 204   1          RI = 0;
 205   1      
 206   1          /*
 207   1           * 开启串口中断
 208   1           */
 209   1          ES = 1;
 210   1      
 211   1          /*
 212   1           * 开启总中断
 213   1           */
 214   1          EA = 1;
 215   1      
 216   1          /*
 217   1           * 启动定时器1
 218   1           */
 219   1          TR1 = 1;
 220   1      }
 221          
 222          
 223          /*******************************************************************************
 224          * 函数名       : uart_send
 225          * 函数功能     : 串口发送一个字符
 226          *******************************************************************************/
 227          void uart_send(u8 dat)
 228          {
 229   1          /*
 230   1           * 发送的时候暂时关闭串口中断
 231   1           *
 232   1           * 防止TI和接收中断产生干扰
 233   1           */
 234   1          ES = 0;
 235   1      
 236   1          TI = 0;
 237   1      
 238   1          SBUF = dat;
 239   1      
 240   1          while(!TI);
 241   1      
C51 COMPILER V9.01   MAIN                                                                  09/06/2026 08:31:24 PAGE 5   

 242   1          TI = 0;
 243   1      
 244   1          /*
 245   1           * 恢复串口接收中断
 246   1           */
 247   1          ES = 1;
 248   1      }
 249          
 250          
 251          /*******************************************************************************
 252          * 函数名       : uart_send_string
 253          * 函数功能     : 串口发送字符串
 254          *******************************************************************************/
 255          void uart_send_string(char *str)
 256          {
 257   1          while(*str)
 258   1          {
 259   2              uart_send(*str);
 260   2              str++;
 261   2          }
 262   1      }
 263          
 264          
 265          /*******************************************************************************
 266          * 函数名       : send_number
 267          * 函数功能     : 串口发送数字
 268          *******************************************************************************/
 269          void send_number(u16 num)
 270          {
 271   1          char buf[6];
 272   1          u8 i = 0;
 273   1      
 274   1          if(num == 0)
 275   1          {
 276   2              uart_send('0');
 277   2              return;
 278   2          }
 279   1      
 280   1          while(num > 0)
 281   1          {
 282   2              buf[i++] = num % 10 + '0';
 283   2              num /= 10;
 284   2          }
 285   1      
 286   1          while(i > 0)
 287   1          {
 288   2              uart_send(buf[--i]);
 289   2          }
 290   1      }
 291          
 292          
 293          /*******************************************************************************
 294          * 函数名       : process_command
 295          * 函数功能     : 处理串口命令
 296          *******************************************************************************/
 297          void process_command()
 298          {
 299   1          /*
 300   1           *==================== 1：改变方向 ====================
 301   1           */
 302   1      
 303   1          if(cmd_1_count > 0)
C51 COMPILER V9.01   MAIN                                                                  09/06/2026 08:31:24 PAGE 6   

 304   1          {
 305   2              /*
 306   2               * 每收到一个1，改变一次方向
 307   2               */
 308   2              if(direction == 1)
 309   2              {
 310   3                  direction = 0;
 311   3              }
 312   2              else
 313   2              {
 314   3                  direction = 1;
 315   3              }
 316   2      
 317   2              cmd_1_count--;
 318   2      
 319   2              uart_send_string("Direction: ");
 320   2      
 321   2              if(direction == 1)
 322   2              {
 323   3                  uart_send_string("Forward\r\n");
 324   3              }
 325   2              else
 326   2              {
 327   3                  uart_send_string("Reverse\r\n");
 328   3              }
 329   2          }
 330   1      
 331   1      
 332   1          /*
 333   1           *==================== 2：加速 ====================
 334   1           */
 335   1      
 336   1          if(cmd_2_count > 0)
 337   1          {
 338   2              if(SPEED >= 140)
 339   2              {
 340   3                  SPEED = SPEED - 30;
 341   3              }
 342   2      
 343   2              cmd_2_count--;
 344   2      
 345   2              uart_send_string("Speed: ");
 346   2              send_number(SPEED);
 347   2              uart_send_string("\r\n");
 348   2          }
 349   1      
 350   1      
 351   1          /*
 352   1           *==================== 3：减速 ====================
 353   1           */
 354   1      
 355   1          if(cmd_3_count > 0)
 356   1          {
 357   2              if(SPEED <= 220)
 358   2              {
 359   3                  SPEED = SPEED + 30;
 360   3              }
 361   2      
 362   2              cmd_3_count--;
 363   2      
 364   2              uart_send_string("Speed: ");
 365   2              send_number(SPEED);
C51 COMPILER V9.01   MAIN                                                                  09/06/2026 08:31:24 PAGE 7   

 366   2              uart_send_string("\r\n");
 367   2          }
 368   1      
 369   1      
 370   1          /*
 371   1           *==================== 0：运行/停止 ====================
 372   1           */
 373   1      
 374   1          if(cmd_0_count > 0)
 375   1          {
 376   2              if(motor_run == 1)
 377   2              {
 378   3                  motor_run = 0;
 379   3      
 380   3                  /*
 381   3                   * 停止以后立即关闭电机绕组
 382   3                   */
 383   3                  motor_stop();
 384   3      
 385   3                  uart_send_string("Motor: STOP\r\n");
 386   3              }
 387   2              else
 388   2              {
 389   3                  motor_run = 1;
 390   3      
 391   3                  uart_send_string("Motor: RUN\r\n");
 392   3              }
 393   2      
 394   2              cmd_0_count--;
 395   2          }
 396   1      
 397   1      
 398   1          /*
 399   1           *==================== s：显示状态 ====================
 400   1           */
 401   1      
 402   1          if(cmd_s_count > 0)
 403   1          {
 404   2              cmd_s_count--;
 405   2      
 406   2              uart_send_string("===== MOTOR STATUS =====\r\n");
 407   2      
 408   2      
 409   2              uart_send_string("Motor: ");
 410   2      
 411   2              if(motor_run == 1)
 412   2              {
 413   3                  uart_send_string("RUN\r\n");
 414   3              }
 415   2              else
 416   2              {
 417   3                  uart_send_string("STOP\r\n");
 418   3              }
 419   2      
 420   2      
 421   2              uart_send_string("Direction: ");
 422   2      
 423   2              if(direction == 1)
 424   2              {
 425   3                  uart_send_string("Forward\r\n");
 426   3              }
 427   2              else
C51 COMPILER V9.01   MAIN                                                                  09/06/2026 08:31:24 PAGE 8   

 428   2              {
 429   3                  uart_send_string("Reverse\r\n");
 430   3              }
 431   2      
 432   2      
 433   2              uart_send_string("SPEED: ");
 434   2      
 435   2              send_number(SPEED);
 436   2      
 437   2              uart_send_string("\r\n");
 438   2      
 439   2      
 440   2              uart_send_string("========================\r\n");
 441   2          }
 442   1      }
 443          
 444          
 445          /*******************************************************************************
 446          * 函数名       : uart_isr
 447          * 函数功能     : 串口中断服务函数
 448          *******************************************************************************/
 449          void uart_isr() interrupt 4
 450          {
 451   1          u8 dat;
 452   1      
 453   1      
 454   1          /*
 455   1           * 只处理接收
 456   1           */
 457   1          if(RI)
 458   1          {
 459   2              RI = 0;
 460   2      
 461   2              /*
 462   2               * 读取收到的数据
 463   2               */
 464   2              dat = SBUF;
 465   2      
 466   2      
 467   2              /*
 468   2               * 收到1
 469   2               */
 470   2              if(dat == '1')
 471   2              {
 472   3                  if(cmd_1_count < 250)
 473   3                  {
 474   4                      cmd_1_count++;
 475   4                  }
 476   3              }
 477   2      
 478   2      
 479   2              /*
 480   2               * 收到2
 481   2               */
 482   2              else if(dat == '2')
 483   2              {
 484   3                  if(cmd_2_count < 250)
 485   3                  {
 486   4                      cmd_2_count++;
 487   4                  }
 488   3              }
 489   2      
C51 COMPILER V9.01   MAIN                                                                  09/06/2026 08:31:24 PAGE 9   

 490   2      
 491   2              /*
 492   2               * 收到3
 493   2               */
 494   2              else if(dat == '3')
 495   2              {
 496   3                  if(cmd_3_count < 250)
 497   3                  {
 498   4                      cmd_3_count++;
 499   4                  }
 500   3              }
 501   2      
 502   2      
 503   2              /*
 504   2               * 收到0
 505   2               */
 506   2              else if(dat == '0')
 507   2              {
 508   3                  if(cmd_0_count < 250)
 509   3                  {
 510   4                      cmd_0_count++;
 511   4                  }
 512   3              }
 513   2      
 514   2      
 515   2              /*
 516   2               * 收到s或S
 517   2               */
 518   2              else if(dat == 's' || dat == 'S')
 519   2              {
 520   3                  if(cmd_s_count < 250)
 521   3                  {
 522   4                      cmd_s_count++;
 523   4                  }
 524   3              }
 525   2      
 526   2      
 527   2              /*
 528   2               * 回车和换行忽略
 529   2               */
 530   2          }
 531   1      }
 532          
 533          
 534          /*******************************************************************************
 535          * 函数名       : main
 536          * 函数功能     : 主函数
 537          *******************************************************************************/
 538          void main()
 539          {
 540   1          /*
 541   1           * P1.0~P1.3用于控制步进电机
 542   1           */
 543   1          P1 = 0x00;
 544   1      
 545   1      
 546   1          /*
 547   1           * 初始化串口
 548   1           */
 549   1          uart_init();
 550   1      
 551   1      
C51 COMPILER V9.01   MAIN                                                                  09/06/2026 08:31:24 PAGE 10  

 552   1          /*
 553   1           * 上电后默认运行
 554   1           */
 555   1          motor_run = 1;
 556   1      
 557   1      
 558   1          while(1)
 559   1          {
 560   2              /*
 561   2               * 处理串口命令
 562   2               */
 563   2              process_command();
 564   2      
 565   2      
 566   2              /*
 567   2               * 电机运行
 568   2               */
 569   2              if(motor_run == 1)
 570   2              {
 571   3                  if(direction == 1)
 572   3                  {
 573   4                      motor_forward();
 574   4                  }
 575   3                  else
 576   3                  {
 577   4                      motor_reverse();
 578   4                  }
 579   3              }
 580   2      
 581   2      
 582   2              /*
 583   2               * 电机停止
 584   2               */
 585   2              else
 586   2              {
 587   3                  motor_stop();
 588   3              }
 589   2          }
 590   1      } 


MODULE INFORMATION:   STATIC OVERLAYABLE
   CODE SIZE        =    650    ----
   CONSTANT SIZE    =    153    ----
   XDATA SIZE       =   ----    ----
   PDATA SIZE       =   ----    ----
   DATA SIZE        =      7       7
   IDATA SIZE       =   ----    ----
   BIT SIZE         =      2    ----
END OF MODULE INFORMATION.


C51 COMPILATION COMPLETE.  0 WARNING(S),  0 ERROR(S)
