BL51 BANKED LINKER/LOCATER V6.22                                                        09/02/2026  18:31:14  PAGE 1


BL51 BANKED LINKER/LOCATER V6.22, INVOKED BY:
C:\KEIL\C51\BIN\BL51.EXE STARTUP.obj, main.obj TO HelloWorld


MEMORY MODEL: SMALL


INPUT MODULES INCLUDED:
  STARTUP.obj (?C_STARTUP)
  main.obj (MAIN)
  C:\KEIL\C51\LIB\C51S.LIB (?C_INIT)
  C:\KEIL\C51\LIB\C51S.LIB (?C?CLDPTR)
  C:\KEIL\C51\LIB\C51S.LIB (?C?IMUL)
  C:\KEIL\C51\LIB\C51S.LIB (?C?SIDIV)
  C:\KEIL\C51\LIB\C51S.LIB (?C?STRCMP)
  C:\KEIL\C51\LIB\C51S.LIB (STRNCMP)
  C:\KEIL\C51\LIB\C51S.LIB (?C?UIDIV)


LINK MAP OF MODULE:  HelloWorld (?C_STARTUP)


            TYPE    BASE      LENGTH    RELOCATION   SEGMENT NAME
            -----------------------------------------------------

            * * * * * * *   D A T A   M E M O R Y   * * * * * * *
            REG     0000H     0008H     ABSOLUTE     "REG BANK 0"
            DATA    0008H     000BH     UNIT         _DATA_GROUP_
                    0013H     000DH                  *** GAP ***
            BIT     0020H.0   0000H.2   UNIT         ?BI?MAIN
            BIT     0020H.2   0000H.1   UNIT         _BIT_GROUP_
                    0020H.3   0000H.5                *** GAP ***
            DATA    0021H     0029H     UNIT         ?DT?MAIN
            IDATA   004AH     0001H     UNIT         ?STACK

            * * * * * * *   C O D E   M E M O R Y   * * * * * * *
            CODE    0000H     0003H     ABSOLUTE     
                    0003H     0008H                  *** GAP ***
            CODE    000BH     0003H     ABSOLUTE     
                    000EH     0015H                  *** GAP ***
            CODE    0023H     0003H     ABSOLUTE     
                    0026H     07DAH                  *** GAP ***
            CODE    0800H     0251H     UNIT         ?C?LIB_CODE
            CODE    0A51H     013BH     UNIT         ?PR?PARSE_COMMAND?MAIN
            CODE    0B8CH     00C1H     UNIT         ?PR?TIMER0_ISR?MAIN
            CODE    0C4DH     008EH     UNIT         ?CO?MAIN
            CODE    0CDBH     008CH     UNIT         ?C_C51STARTUP
            CODE    0D67H     0078H     UNIT         ?PR?_SEND_NUMBER?MAIN
            CODE    0DDFH     0070H     UNIT         ?PR?_STR_TO_INT?MAIN
            CODE    0E4FH     006FH     UNIT         ?PR?_STRNCMP?STRNCMP
            CODE    0EBEH     0054H     UNIT         ?PR?UART_ISR?MAIN
            CODE    0F12H     001CH     UNIT         ?C_INITSEG
            CODE    0F2EH     0016H     UNIT         ?PR?UART_INIT?MAIN
            CODE    0F44H     0013H     UNIT         ?PR?TIMER0_INIT?MAIN
            CODE    0F57H     0013H     UNIT         ?PR?_UART_SEND_STRING?MAIN
            CODE    0F6AH     0010H     UNIT         ?PR?MAIN?MAIN
            CODE    0F7AH     000AH     UNIT         ?PR?_UART_SEND?MAIN

BL51 BANKED LINKER/LOCATER V6.22                                                      09/02/2026  18:31:14  PAGE 2




OVERLAY MAP OF MODULE:   HelloWorld (?C_STARTUP)


SEGMENT                               BIT_GROUP          DATA_GROUP 
  +--> CALLED SEGMENT              START    LENGTH     START    LENGTH
----------------------------------------------------------------------
?C_C51STARTUP                      -----    -----      -----    -----
  +--> ?PR?MAIN?MAIN
  +--> ?C_INITSEG

?PR?MAIN?MAIN                      -----    -----      -----    -----
  +--> ?PR?UART_INIT?MAIN
  +--> ?PR?TIMER0_INIT?MAIN
  +--> ?PR?PARSE_COMMAND?MAIN

?PR?PARSE_COMMAND?MAIN             -----    -----      0008H    0002H
  +--> ?CO?MAIN
  +--> ?PR?_UART_SEND_STRING?MAIN
  +--> ?PR?_STRNCMP?STRNCMP
  +--> ?PR?_STR_TO_INT?MAIN
  +--> ?PR?_SEND_NUMBER?MAIN

?PR?_UART_SEND_STRING?MAIN         -----    -----      -----    -----
  +--> ?PR?_UART_SEND?MAIN

?PR?_STRNCMP?STRNCMP               -----    -----      000AH    0008H

?PR?_STR_TO_INT?MAIN               0020H.2  0000H.1    000AH    0005H

?PR?_SEND_NUMBER?MAIN              -----    -----      000AH    0009H
  +--> ?PR?_UART_SEND_STRING?MAIN
  +--> ?PR?_UART_SEND?MAIN



SYMBOL TABLE OF MODULE:  HelloWorld (?C_STARTUP)

  VALUE           TYPE          NAME
  ----------------------------------

  -------         MODULE        ?C_STARTUP
  C:0CDBH         SEGMENT       ?C_C51STARTUP
  I:004AH         SEGMENT       ?STACK
  C:0000H         PUBLIC        ?C_STARTUP
  D:00E0H         SYMBOL        ACC
  D:00F0H         SYMBOL        B
  D:0083H         SYMBOL        DPH
  D:0082H         SYMBOL        DPL
  N:0000H         SYMBOL        IBPSTACK
  N:0100H         SYMBOL        IBPSTACKTOP
  N:0080H         SYMBOL        IDATALEN
  C:0CDEH         SYMBOL        IDATALOOP
  N:0000H         SYMBOL        PBPSTACK
  N:0100H         SYMBOL        PBPSTACKTOP
  N:0000H         SYMBOL        PDATALEN
BL51 BANKED LINKER/LOCATER V6.22                                                      09/02/2026  18:31:14  PAGE 3


  N:0000H         SYMBOL        PDATASTART
  N:0000H         SYMBOL        PPAGE
  N:0000H         SYMBOL        PPAGEENABLE
  D:00A0H         SYMBOL        PPAGE_SFR
  D:0081H         SYMBOL        SP
  C:0CDBH         SYMBOL        STARTUP1
  N:0000H         SYMBOL        XBPSTACK
  N:0000H         SYMBOL        XBPSTACKTOP
  N:0000H         SYMBOL        XDATALEN
  N:0000H         SYMBOL        XDATASTART
  C:0000H         LINE#         126
  C:0CDBH         LINE#         133
  C:0CDDH         LINE#         134
  C:0CDEH         LINE#         135
  C:0CDFH         LINE#         136
  C:0CE1H         LINE#         185
  C:0CE4H         LINE#         196
  -------         ENDMOD        ?C_STARTUP

  -------         MODULE        MAIN
  C:0000H         SYMBOL        _ICE_DUMMY_
  D:0090H         PUBLIC        P1
  D:00B0H         PUBLIC        P3
  C:0B8CH         PUBLIC        timer0_isr
  B:00A8H.7       PUBLIC        EA
  D:00A8H         PUBLIC        IE
  B:00A8H.4       PUBLIC        ES
  D:00B8H         PUBLIC        IP
  C:0D70H         PUBLIC        _send_number
  B:0098H.0       PUBLIC        RI
  B:0098H.1       PUBLIC        TI
  C:0F6AH         PUBLIC        main
  D:0021H         PUBLIC        timer_count
  D:0099H         PUBLIC        SBUF
  D:0087H         PUBLIC        PCON
  D:0098H         PUBLIC        SCON
  D:0089H         PUBLIC        TMOD
  D:0088H         PUBLIC        TCON
  B:0020H.0       PUBLIC        rx_overflow
  C:0F57H         PUBLIC        _uart_send_string
  D:0023H         PUBLIC        rx_buffer
  B:00A8H.1       PUBLIC        ET0
  C:0F7AH         PUBLIC        _uart_send
  C:0DDFH         PUBLIC        _str_to_int
  D:008CH         PUBLIC        TH0
  D:008DH         PUBLIC        TH1
  D:008AH         PUBLIC        TL0
  D:008BH         PUBLIC        TL1
  C:0F2EH         PUBLIC        uart_init
  B:0088H.4       PUBLIC        TR0
  B:0088H.6       PUBLIC        TR1
  B:0020H.1       PUBLIC        command_ready
  D:0041H         PUBLIC        current_velocity
  D:0043H         PUBLIC        target_velocity
  C:0A51H         PUBLIC        parse_command
  D:0045H         PUBLIC        current_position
  D:0047H         PUBLIC        rx_index
BL51 BANKED LINKER/LOCATER V6.22                                                      09/02/2026  18:31:14  PAGE 4


  D:0048H         PUBLIC        target_position
  D:00C8H         PUBLIC        T2CON
  C:0F44H         PUBLIC        timer0_init
  C:0EBEH         PUBLIC        uart_isr
  D:00D0H         PUBLIC        PSW
  -------         PROC          UART_INIT
  C:0F2EH         LINE#         47
  C:0F2EH         LINE#         48
  C:0F2EH         LINE#         54
  C:0F31H         LINE#         62
  C:0F34H         LINE#         70
  C:0F37H         LINE#         78
  C:0F3AH         LINE#         79
  C:0F3DH         LINE#         86
  C:0F3FH         LINE#         93
  C:0F41H         LINE#         100
  C:0F43H         LINE#         101
  -------         ENDPROC       UART_INIT
  -------         PROC          TIMER0_INIT
  C:0F44H         LINE#         110
  C:0F44H         LINE#         111
  C:0F44H         LINE#         116
  C:0F47H         LINE#         123
  C:0F4AH         LINE#         130
  C:0F4DH         LINE#         131
  C:0F50H         LINE#         138
  C:0F52H         LINE#         145
  C:0F54H         LINE#         152
  C:0F56H         LINE#         153
  -------         ENDPROC       TIMER0_INIT
  -------         PROC          _UART_SEND
  D:0007H         SYMBOL        dat
  C:0F7AH         LINE#         160
  C:0F7AH         LINE#         161
  C:0F7AH         LINE#         166
  C:0F7CH         LINE#         173
  C:0F7EH         LINE#         180
  C:0F81H         LINE#         187
  C:0F83H         LINE#         188
  -------         ENDPROC       _UART_SEND
  -------         PROC          _UART_SEND_STRING
  D:0001H         SYMBOL        str
  C:0F57H         LINE#         195
  C:0F57H         LINE#         196
  C:0F57H         LINE#         197
  C:0F5DH         LINE#         198
  C:0F5DH         LINE#         199
  C:0F60H         LINE#         201
  C:0F67H         LINE#         202
  C:0F69H         LINE#         203
  -------         ENDPROC       _UART_SEND_STRING
  -------         PROC          L?0066
  -------         ENDPROC       L?0066
  -------         PROC          _SEND_NUMBER
  D:0002H         SYMBOL        num
  -------         DO            
  D:000AH         SYMBOL        buf
BL51 BANKED LINKER/LOCATER V6.22                                                      09/02/2026  18:31:14  PAGE 5


  D:0012H         SYMBOL        i
  -------         ENDDO         
  C:0D70H         LINE#         216
  C:0D74H         LINE#         217
  C:0D74H         LINE#         220
  C:0D77H         LINE#         227
  C:0D7BH         LINE#         228
  C:0D7BH         LINE#         229
  C:0D80H         LINE#         232
  C:0D80H         LINE#         239
  C:0D88H         LINE#         240
  C:0D88H         LINE#         241
  C:0D8DH         LINE#         243
  C:0D94H         LINE#         244
  C:0D94H         LINE#         251
  C:0D9FH         LINE#         252
  C:0D9FH         LINE#         253
  C:0DB8H         LINE#         255
  C:0DC7H         LINE#         256
  C:0DC9H         LINE#         275
  C:0DD0H         LINE#         276
  C:0DD0H         LINE#         277
  C:0DDCH         LINE#         278
  C:0DDEH         LINE#         279
  -------         ENDPROC       _SEND_NUMBER
  -------         PROC          _STR_TO_INT
  D:000AH         SYMBOL        str
  -------         DO            
  D:000DH         SYMBOL        value
  B:0020H.2       SYMBOL        negative
  -------         ENDDO         
  C:0DDFH         LINE#         295
  C:0DE5H         LINE#         296
  C:0DE5H         LINE#         297
  C:0DEAH         LINE#         299
  C:0DECH         LINE#         306
  C:0DF2H         LINE#         307
  C:0DF2H         LINE#         308
  C:0DF4H         LINE#         310
  C:0DF4H         LINE#         311
  C:0DF6H         LINE#         318
  C:0E0FH         LINE#         319
  C:0E0FH         LINE#         320
  C:0E2FH         LINE#         322
  C:0E3AH         LINE#         323
  C:0E3CH         LINE#         330
  C:0E3FH         LINE#         331
  C:0E3FH         LINE#         332
  C:0E4AH         LINE#         333
  C:0E4AH         LINE#         336
  C:0E4EH         LINE#         337
  -------         ENDPROC       _STR_TO_INT
  -------         PROC          PARSE_COMMAND
  -------         DO            
  D:0008H         SYMBOL        value
  -------         ENDDO         
  C:0A51H         LINE#         344
BL51 BANKED LINKER/LOCATER V6.22                                                      09/02/2026  18:31:14  PAGE 6


  C:0A51H         LINE#         345
  C:0A51H         LINE#         354
  C:0A54H         LINE#         355
  C:0A54H         LINE#         356
  C:0A5DH         LINE#         358
  C:0A60H         LINE#         361
  C:0A60H         LINE#         372
  C:0A69H         LINE#         374
  C:0A72H         LINE#         376
  C:0A7BH         LINE#         387
  C:0A95H         LINE#         388
  C:0A95H         LINE#         389
  C:0AA1H         LINE#         391
  C:0AA7H         LINE#         393
  C:0AB0H         LINE#         396
  C:0AB0H         LINE#         407
  C:0ACBH         LINE#         408
  C:0ACBH         LINE#         409
  C:0AD7H         LINE#         418
  C:0AE0H         LINE#         419
  C:0AE0H         LINE#         420
  C:0AE6H         LINE#         421
  C:0AE9H         LINE#         423
  C:0AE9H         LINE#         424
  C:0AEFH         LINE#         426
  C:0AF5H         LINE#         427
  C:0AF8H         LINE#         430
  C:0AF8H         LINE#         437
  C:0B0AH         LINE#         438
  C:0B0AH         LINE#         439
  C:0B0EH         LINE#         441
  C:0B11H         LINE#         443
  C:0B19H         LINE#         446
  C:0B19H         LINE#         453
  C:0B2BH         LINE#         454
  C:0B2BH         LINE#         455
  C:0B34H         LINE#         457
  C:0B3BH         LINE#         459
  C:0B43H         LINE#         462
  C:0B43H         LINE#         473
  C:0B57H         LINE#         474
  C:0B57H         LINE#         475
  C:0B5EH         LINE#         477
  C:0B65H         LINE#         480
  C:0B69H         LINE#         482
  C:0B6CH         LINE#         485
  C:0B75H         LINE#         487
  C:0B7CH         LINE#         490
  C:0B84H         LINE#         493
  C:0B84H         LINE#         500
  C:0B8BH         LINE#         501
  -------         ENDPROC       PARSE_COMMAND
  -------         PROC          MAIN
  C:0F6AH         LINE#         508
  C:0F6AH         LINE#         509
  C:0F6AH         LINE#         514
  C:0F6DH         LINE#         521
BL51 BANKED LINKER/LOCATER V6.22                                                      09/02/2026  18:31:14  PAGE 7


  C:0F70H         LINE#         528
  C:0F70H         LINE#         529
  C:0F70H         LINE#         534
  C:0F73H         LINE#         535
  C:0F73H         LINE#         540
  C:0F75H         LINE#         547
  C:0F78H         LINE#         548
  C:0F78H         LINE#         549
  -------         ENDPROC       MAIN
  -------         PROC          TIMER0_ISR
  C:0B8CH         LINE#         559
  C:0B95H         LINE#         565
  C:0B98H         LINE#         567
  C:0B9BH         LINE#         574
  C:0BA3H         LINE#         581
  C:0BAFH         LINE#         582
  C:0BAFH         LINE#         583
  C:0BB5H         LINE#         592
  C:0BC5H         LINE#         593
  C:0BC5H         LINE#         600
  C:0BCBH         LINE#         601
  C:0BCBH         LINE#         602
  C:0BCBH         LINE#         603
  C:0BCDH         LINE#         605
  C:0BCDH         LINE#         610
  C:0BD9H         LINE#         612
  C:0BDFH         LINE#         619
  C:0BF0H         LINE#         620
  C:0BF0H         LINE#         621
  C:0BF0H         LINE#         623
  C:0BF0H         LINE#         624
  C:0BF0H         LINE#         625
  C:0BF0H         LINE#         626
  C:0BF2H         LINE#         635
  C:0C03H         LINE#         636
  C:0C03H         LINE#         643
  C:0C09H         LINE#         644
  C:0C09H         LINE#         645
  C:0C0DH         LINE#         646
  C:0C0FH         LINE#         648
  C:0C0FH         LINE#         653
  C:0C1CH         LINE#         655
  C:0C27H         LINE#         662
  C:0C38H         LINE#         663
  C:0C38H         LINE#         664
  C:0C3EH         LINE#         666
  C:0C3EH         LINE#         667
  C:0C3EH         LINE#         668
  C:0C3EH         LINE#         669
  C:0C40H         LINE#         677
  C:0C40H         LINE#         678
  C:0C46H         LINE#         679
  C:0C46H         LINE#         680
  C:0C46H         LINE#         681
  -------         ENDPROC       TIMER0_ISR
  -------         PROC          UART_ISR
  -------         DO            
BL51 BANKED LINKER/LOCATER V6.22                                                      09/02/2026  18:31:14  PAGE 8


  D:0007H         SYMBOL        rcv_data
  -------         ENDDO         
  C:0EBEH         LINE#         692
  C:0ECBH         LINE#         701
  C:0ECEH         LINE#         702
  C:0ECEH         LINE#         707
  C:0ED0H         LINE#         714
  C:0ED2H         LINE#         723
  C:0EDAH         LINE#         724
  C:0EDAH         LINE#         729
  C:0EE1H         LINE#         730
  C:0EE1H         LINE#         739
  C:0EE8H         LINE#         748
  C:0EEAH         LINE#         755
  C:0EEDH         LINE#         756
  C:0EEDH         LINE#         757
  C:0EEFH         LINE#         765
  C:0EEFH         LINE#         770
  C:0EF2H         LINE#         771
  C:0EF2H         LINE#         776
  C:0EF9H         LINE#         777
  C:0EF9H         LINE#         778
  C:0F03H         LINE#         779
  C:0F05H         LINE#         781
  C:0F05H         LINE#         786
  C:0F07H         LINE#         787
  C:0F07H         LINE#         788
  C:0F07H         LINE#         789
  C:0F07H         LINE#         790
  C:0F07H         LINE#         791
  -------         ENDPROC       UART_ISR
  -------         ENDMOD        MAIN

  -------         MODULE        ?C?CLDPTR
  C:0800H         PUBLIC        ?C?CLDPTR
  -------         ENDMOD        ?C?CLDPTR

  -------         MODULE        ?C?IMUL
  C:0819H         PUBLIC        ?C?IMUL
  -------         ENDMOD        ?C?IMUL

  -------         MODULE        ?C?SIDIV
  C:082BH         PUBLIC        ?C?SIDIV
  -------         ENDMOD        ?C?SIDIV

  -------         MODULE        ?C?STRCMP
  C:09DFH         PUBLIC        ?C?STRCMP
  -------         ENDMOD        ?C?STRCMP

  -------         MODULE        STRNCMP
  D:000AH         PUBLIC        ?_strncmp?BYTE
  C:0E4FH         PUBLIC        _strncmp
  -------         ENDMOD        STRNCMP

  -------         MODULE        ?C?UIDIV
  C:09FCH         PUBLIC        ?C?UIDIV
  -------         ENDMOD        ?C?UIDIV
BL51 BANKED LINKER/LOCATER V6.22                                                      09/02/2026  18:31:14  PAGE 9



******************************************************************************
* RESTRICTED VERSION WITH 0800H BYTE CODE SIZE LIMIT; USED: 044CH BYTE (53%) *
******************************************************************************

Program Size: data=61.3 xdata=0 code=1933
LINK/LOCATE RUN COMPLETE.  0 WARNING(S),  0 ERROR(S)
