C51 COMPILER V9.01   MAIN                                                                  09/02/2026 18:31:14 PAGE 1   


C51 COMPILER V9.01, COMPILATION OF MODULE MAIN
OBJECT MODULE PLACED IN main.OBJ
COMPILER INVOKED BY: C:\Keil\C51\BIN\C51.EXE main.c BROWSE DEBUG OBJECTEXTEND

line level    source

   1          #include "REG52.h"
   2          #include <string.h>
   3          
   4          typedef unsigned int  u16;
   5          typedef unsigned char u8;
   6          
   7          
   8          /************************************************
   9           * 电机状态
  10           ************************************************/
  11          
  12          int target_position = 0;     // 目标位置
  13          int current_position = 0;    // 当前位置
  14          
  15          int target_velocity = 1;     // 目标速度
  16          int current_velocity = 0;    // 当前实际速度
  17          
  18          
  19          /************************************************
  20           * 串口接收缓存
  21           ************************************************/
  22          
  23          #define RX_BUFFER_SIZE 30
  24          
  25          char rx_buffer[RX_BUFFER_SIZE];
  26          
  27          u8 rx_index = 0;
  28          
  29          bit command_ready = 0;
  30          
  31          bit rx_overflow = 0;
  32          
  33          
  34          /************************************************
  35           * 定时器
  36           ************************************************/
  37          
  38          u16 timer_count = 0;
  39          
  40          
  41          /************************************************
  42           * 串口初始化
  43           *
  44           * 9600 8N1
  45           ************************************************/
  46          
  47          void uart_init()
  48          {
  49   1          /*
  50   1              Timer1 模式2
  51   1              用于产生串口波特率
  52   1          */
  53   1      
  54   1          TMOD |= 0x20;
  55   1      
C51 COMPILER V9.01   MAIN                                                                  09/02/2026 18:31:14 PAGE 2   

  56   1      
  57   1          /*
  58   1              串口模式1
  59   1              REN = 1，允许接收
  60   1          */
  61   1      
  62   1          SCON = 0x50;
  63   1      
  64   1      
  65   1          /*
  66   1              SMOD = 1
  67   1              波特率加倍
  68   1          */
  69   1      
  70   1          PCON = 0x80;
  71   1      
  72   1      
  73   1          /*
  74   1              11.0592MHz 晶振
  75   1              9600 波特率
  76   1          */
  77   1      
  78   1          TH1 = 0xFA;
  79   1          TL1 = 0xFA;
  80   1      
  81   1      
  82   1          /*
  83   1              开启串口中断
  84   1          */
  85   1      
  86   1          ES = 1;
  87   1      
  88   1      
  89   1          /*
  90   1              开启总中断
  91   1          */
  92   1      
  93   1          EA = 1;
  94   1      
  95   1      
  96   1          /*
  97   1              启动 Timer1
  98   1          */
  99   1      
 100   1          TR1 = 1;
 101   1      }
 102          
 103          
 104          /************************************************
 105           * Timer0 初始化
 106           *
 107           * 用于模拟电机运动
 108           ************************************************/
 109          
 110          void timer0_init()
 111          {
 112   1          /*
 113   1              清除 Timer0 模式位
 114   1          */
 115   1      
 116   1          TMOD &= 0xF0;
 117   1      
C51 COMPILER V9.01   MAIN                                                                  09/02/2026 18:31:14 PAGE 3   

 118   1      
 119   1          /*
 120   1              Timer0 模式1
 121   1          */
 122   1      
 123   1          TMOD |= 0x01;
 124   1      
 125   1      
 126   1          /*
 127   1              定时初值
 128   1          */
 129   1      
 130   1          TH0 = 0xDC;
 131   1          TL0 = 0x00;
 132   1      
 133   1      
 134   1          /*
 135   1              开启 Timer0 中断
 136   1          */
 137   1      
 138   1          ET0 = 1;
 139   1      
 140   1      
 141   1          /*
 142   1              开启总中断
 143   1          */
 144   1      
 145   1          EA = 1;
 146   1      
 147   1      
 148   1          /*
 149   1              启动 Timer0
 150   1          */
 151   1      
 152   1          TR0 = 1;
 153   1      }
 154          
 155          
 156          /************************************************
 157           * UART 发送一个字符
 158           ************************************************/
 159          
 160          void uart_send(u8 dat)
 161          {
 162   1          /*
 163   1              清除发送完成标志
 164   1          */
 165   1      
 166   1          TI = 0;
 167   1      
 168   1      
 169   1          /*
 170   1              写入发送缓冲器
 171   1          */
 172   1      
 173   1          SBUF = dat;
 174   1      
 175   1      
 176   1          /*
 177   1              等待发送完成
 178   1          */
 179   1      
C51 COMPILER V9.01   MAIN                                                                  09/02/2026 18:31:14 PAGE 4   

 180   1          while(!TI);
 181   1      
 182   1      
 183   1          /*
 184   1              清除发送完成标志
 185   1          */
 186   1      
 187   1          TI = 0;
 188   1      }
 189          
 190          
 191          /************************************************
 192           * UART 发送字符串
 193           ************************************************/
 194          
 195          void uart_send_string(char *str)
 196          {
 197   1          while(*str)
 198   1          {
 199   2              uart_send(*str);
 200   2      
 201   2              str++;
 202   2          }
 203   1      }
 204          
 205          
 206          /************************************************
 207           * 发送整数
 208           *
 209           * 支持：
 210           *
 211           * 0
 212           * 123
 213           * -123
 214           ************************************************/
 215          
 216          void send_number(int num)
 217          {
 218   1          char buf[8];
 219   1      
 220   1          u8 i = 0;
 221   1      
 222   1      
 223   1          /*
 224   1              处理 0
 225   1          */
 226   1      
 227   1          if(num == 0)
 228   1          {
 229   2              uart_send('0');
 230   2      
 231   2              return;
 232   2          }
 233   1      
 234   1      
 235   1          /*
 236   1              处理负数
 237   1          */
 238   1      
 239   1          if(num < 0)
 240   1          {
 241   2              uart_send('-');
C51 COMPILER V9.01   MAIN                                                                  09/02/2026 18:31:14 PAGE 5   

 242   2      
 243   2              num = -num;
 244   2          }
 245   1      
 246   1      
 247   1          /*
 248   1              将数字转换成字符
 249   1          */
 250   1      
 251   1          while(num > 0)
 252   1          {
 253   2              buf[i++] = num % 10 + '0';
 254   2      
 255   2              num /= 10;
 256   2          }
 257   1      
 258   1      
 259   1          /*
 260   1              倒序发送
 261   1      
 262   1              例如：
 263   1      
 264   1              123
 265   1      
 266   1              前面得到：
 267   1      
 268   1              3
 269   1              2
 270   1              1
 271   1      
 272   1              所以倒过来发送
 273   1          */
 274   1      
 275   1          while(i > 0)
 276   1          {
 277   2              uart_send(buf[--i]);
 278   2          }
 279   1      }
 280          
 281          
 282          /************************************************
 283           * 字符串转整数
 284           *
 285           * 例如：
 286           *
 287           * "123"  -> 123
 288           * "0"    -> 0
 289           *
 290           * 支持负数：
 291           *
 292           * "-123" -> -123
 293           ************************************************/
 294          
 295          int str_to_int(char *str)
 296          {
 297   1          int value = 0;
 298   1      
 299   1          bit negative = 0;
 300   1      
 301   1      
 302   1          /*
 303   1              判断负号
C51 COMPILER V9.01   MAIN                                                                  09/02/2026 18:31:14 PAGE 6   

 304   1          */
 305   1      
 306   1          if(*str == '-')
 307   1          {
 308   2              negative = 1;
 309   2      
 310   2              str++;
 311   2          }
 312   1      
 313   1      
 314   1          /*
 315   1              连续读取数字
 316   1          */
 317   1      
 318   1          while(*str >= '0' && *str <= '9')
 319   1          {
 320   2              value = value * 10 + (*str - '0');
 321   2      
 322   2              str++;
 323   2          }
 324   1      
 325   1      
 326   1          /*
 327   1              返回负数
 328   1          */
 329   1      
 330   1          if(negative)
 331   1          {
 332   2              value = -value;
 333   2          }
 334   1      
 335   1      
 336   1          return value;
 337   1      }
 338          
 339          
 340          /************************************************
 341           * 命令解析
 342           ************************************************/
 343          
 344          void parse_command()
 345          {
 346   1          int value;
 347   1      
 348   1      
 349   1          /*
 350   1              如果接收缓冲区溢出
 351   1              直接报错
 352   1          */
 353   1      
 354   1          if(rx_overflow)
 355   1          {
 356   2              uart_send_string("ERROR OVERFLOW\r\n");
 357   2      
 358   2              rx_overflow = 0;
 359   2      
 360   2              return;
 361   2          }
 362   1      
 363   1      
 364   1          /*
 365   1              显示收到的命令
C51 COMPILER V9.01   MAIN                                                                  09/02/2026 18:31:14 PAGE 7   

 366   1      
 367   1              例如：
 368   1      
 369   1              CMD:GET_POS
 370   1          */
 371   1      
 372   1          uart_send_string("CMD:");
 373   1      
 374   1          uart_send_string(rx_buffer);
 375   1      
 376   1          uart_send_string("\r\n");
 377   1      
 378   1      
 379   1          /********************************************
 380   1           * SET_POS
 381   1           *
 382   1           * 例如：
 383   1           *
 384   1           * SET_POS 100
 385   1           ********************************************/
 386   1      
 387   1          if(strncmp(rx_buffer, "SET_POS ", 8) == 0)
 388   1          {
 389   2              value = str_to_int(&rx_buffer[8]);
 390   2      
 391   2              target_position = value;
 392   2      
 393   2              uart_send_string("OK SET_POS\r\n");
 394   2      
 395   2              return;
 396   2          }
 397   1      
 398   1      
 399   1          /********************************************
 400   1           * SET_VEL
 401   1           *
 402   1           * 例如：
 403   1           *
 404   1           * SET_VEL 10
 405   1           ********************************************/
 406   1      
 407   1          if(strncmp(rx_buffer, "SET_VEL ", 8) == 0)
 408   1          {
 409   2              value = str_to_int(&rx_buffer[8]);
 410   2      
 411   2      
 412   2              /*
 413   2                  速度不允许为负数
 414   2      
 415   2                  方向由目标位置决定
 416   2              */
 417   2      
 418   2              if(value < 0)
 419   2              {
 420   3                  uart_send_string("ERROR VEL\r\n");
 421   3              }
 422   2              else
 423   2              {
 424   3                  target_velocity = value;
 425   3      
 426   3                  uart_send_string("OK SET_VEL\r\n");
 427   3              }
C51 COMPILER V9.01   MAIN                                                                  09/02/2026 18:31:14 PAGE 8   

 428   2      
 429   2              return;
 430   2          }
 431   1      
 432   1      
 433   1          /********************************************
 434   1           * GET_POS
 435   1           ********************************************/
 436   1      
 437   1          if(strcmp(rx_buffer, "GET_POS") == 0)
 438   1          {
 439   2              uart_send_string("POS:");
 440   2      
 441   2              send_number(current_position);
 442   2      
 443   2              uart_send_string("\r\n");
 444   2      
 445   2              return;
 446   2          }
 447   1      
 448   1      
 449   1          /********************************************
 450   1           * GET_VEL
 451   1           ********************************************/
 452   1      
 453   1          if(strcmp(rx_buffer, "GET_VEL") == 0)
 454   1          {
 455   2              uart_send_string("VEL:");
 456   2      
 457   2              send_number(current_velocity);
 458   2      
 459   2              uart_send_string("\r\n");
 460   2      
 461   2              return;
 462   2          }
 463   1      
 464   1      
 465   1          /********************************************
 466   1           * STATUS
 467   1           *
 468   1           * 返回：
 469   1           *
 470   1           * TARGET:100 POS:50 VEL:10
 471   1           ********************************************/
 472   1      
 473   1          if(strcmp(rx_buffer, "STATUS") == 0)
 474   1          {
 475   2              uart_send_string("TARGET:");
 476   2      
 477   2              send_number(target_position);
 478   2      
 479   2      
 480   2              uart_send_string(" POS:");
 481   2      
 482   2              send_number(current_position);
 483   2      
 484   2      
 485   2              uart_send_string(" VEL:");
 486   2      
 487   2              send_number(current_velocity);
 488   2      
 489   2      
C51 COMPILER V9.01   MAIN                                                                  09/02/2026 18:31:14 PAGE 9   

 490   2              uart_send_string("\r\n");
 491   2      
 492   2              return;
 493   2          }
 494   1      
 495   1      
 496   1          /********************************************
 497   1           * 未知命令
 498   1           ********************************************/
 499   1      
 500   1          uart_send_string("ERROR\r\n");
 501   1      }
 502          
 503          
 504          /************************************************
 505           * 主函数
 506           ************************************************/
 507          
 508          void main()
 509          {
 510   1          /*
 511   1              初始化 UART
 512   1          */
 513   1      
 514   1          uart_init();
 515   1      
 516   1      
 517   1          /*
 518   1              初始化 Timer0
 519   1          */
 520   1      
 521   1          timer0_init();
 522   1      
 523   1      
 524   1          /*
 525   1              主循环
 526   1          */
 527   1      
 528   1          while(1)
 529   1          {
 530   2              /*
 531   2                  是否收到完整命令？
 532   2              */
 533   2      
 534   2              if(command_ready)
 535   2              {
 536   3                  /*
 537   3                      清除命令完成标志
 538   3                  */
 539   3      
 540   3                  command_ready = 0;
 541   3      
 542   3      
 543   3                  /*
 544   3                      解析命令
 545   3                  */
 546   3      
 547   3                  parse_command();
 548   3              }
 549   2          }
 550   1      }
 551          
C51 COMPILER V9.01   MAIN                                                                  09/02/2026 18:31:14 PAGE 10  

 552          
 553          /************************************************
 554           * Timer0 中断
 555           *
 556           * 模拟电机运动
 557           ************************************************/
 558          
 559          void timer0_isr() interrupt 1
 560          {
 561   1          /*
 562   1              重新装载定时器
 563   1          */
 564   1      
 565   1          TH0 = 0xDC;
 566   1      
 567   1          TL0 = 0x00;
 568   1      
 569   1      
 570   1          /*
 571   1              定时计数
 572   1          */
 573   1      
 574   1          timer_count++;
 575   1      
 576   1      
 577   1          /*
 578   1              每 50 次更新一次电机状态
 579   1          */
 580   1      
 581   1          if(timer_count >= 50)
 582   1          {
 583   2              timer_count = 0;
 584   2      
 585   2      
 586   2              /****************************************
 587   2               * 当前位于目标位置左侧
 588   2               *
 589   2               * 正方向运动
 590   2               ****************************************/
 591   2      
 592   2              if(current_position < target_position)
 593   2              {
 594   3                  /*
 595   3                      速度为 0
 596   3      
 597   3                      电机不动
 598   3                  */
 599   3      
 600   3                  if(target_velocity == 0)
 601   3                  {
 602   4                      current_velocity = 0;
 603   4                  }
 604   3                  else
 605   3                  {
 606   4                      /*
 607   4                          向目标位置移动
 608   4                      */
 609   4      
 610   4                      current_position += target_velocity;
 611   4      
 612   4                      current_velocity = target_velocity;
 613   4      
C51 COMPILER V9.01   MAIN                                                                  09/02/2026 18:31:14 PAGE 11  

 614   4      
 615   4                      /*
 616   4                          防止超过目标位置
 617   4                      */
 618   4      
 619   4                      if(current_position >= target_position)
 620   4                      {
 621   5                          current_position = target_position;
 622   5      
 623   5                          current_velocity = 0;
 624   5                      }
 625   4                  }
 626   3              }
 627   2      
 628   2      
 629   2              /****************************************
 630   2               * 当前位于目标位置右侧
 631   2               *
 632   2               * 负方向运动
 633   2               ****************************************/
 634   2      
 635   2              else if(current_position > target_position)
 636   2              {
 637   3                  /*
 638   3                      速度为 0
 639   3      
 640   3                      电机不动
 641   3                  */
 642   3      
 643   3                  if(target_velocity == 0)
 644   3                  {
 645   4                      current_velocity = 0;
 646   4                  }
 647   3                  else
 648   3                  {
 649   4                      /*
 650   4                          向目标位置移动
 651   4                      */
 652   4      
 653   4                      current_position -= target_velocity;
 654   4      
 655   4                      current_velocity = -target_velocity;
 656   4      
 657   4      
 658   4                      /*
 659   4                          防止超过目标位置
 660   4                      */
 661   4      
 662   4                      if(current_position <= target_position)
 663   4                      {
 664   5                          current_position = target_position;
 665   5      
 666   5                          current_velocity = 0;
 667   5                      }
 668   4                  }
 669   3              }
 670   2      
 671   2      
 672   2              /****************************************
 673   2               * 已经到达目标位置
 674   2               ****************************************/
 675   2      
C51 COMPILER V9.01   MAIN                                                                  09/02/2026 18:31:14 PAGE 12  

 676   2              else
 677   2              {
 678   3                  current_velocity = 0;
 679   3              }
 680   2          }
 681   1      }
 682          
 683          
 684          /************************************************
 685           * UART 中断
 686           *
 687           * 只负责接收数据
 688           *
 689           * 不负责解析命令
 690           ************************************************/
 691          
 692          void uart_isr() interrupt 4
 693          {
 694   1          char rcv_data;
 695   1      
 696   1      
 697   1          /*
 698   1              是否收到数据？
 699   1          */
 700   1      
 701   1          if(RI)
 702   1          {
 703   2              /*
 704   2                  清除接收标志
 705   2              */
 706   2      
 707   2              RI = 0;
 708   2      
 709   2      
 710   2              /*
 711   2                  读取接收到的字符
 712   2              */
 713   2      
 714   2              rcv_data = SBUF;
 715   2      
 716   2      
 717   2              /****************************************
 718   2               * 收到回车或者换行
 719   2               *
 720   2               * 表示一条命令结束
 721   2               ****************************************/
 722   2      
 723   2              if(rcv_data == '\r' || rcv_data == '\n')
 724   2              {
 725   3                  /*
 726   3                      防止空命令
 727   3                  */
 728   3      
 729   3                  if(rx_index > 0)
 730   3                  {
 731   4                      /*
 732   4                          添加字符串结束符
 733   4      
 734   4                          例如：
 735   4      
 736   4                          GET_POS\0
 737   4                      */
C51 COMPILER V9.01   MAIN                                                                  09/02/2026 18:31:14 PAGE 13  

 738   4      
 739   4                      rx_buffer[rx_index] = '\0';
 740   4      
 741   4      
 742   4                      /*
 743   4                          通知主循环：
 744   4      
 745   4                          一条完整命令已经收到
 746   4                      */
 747   4      
 748   4                      command_ready = 1;
 749   4      
 750   4      
 751   4                      /*
 752   4                          准备接收下一条命令
 753   4                      */
 754   4      
 755   4                      rx_index = 0;
 756   4                  }
 757   3              }
 758   2      
 759   2      
 760   2              /****************************************
 761   2               * 普通字符
 762   2               ****************************************/
 763   2      
 764   2              else
 765   2              {
 766   3                  /*
 767   3                      如果之前没有发生溢出
 768   3                  */
 769   3      
 770   3                  if(!rx_overflow)
 771   3                  {
 772   4                      /*
 773   4                          留一个位置给 '\0'
 774   4                      */
 775   4      
 776   4                      if(rx_index < RX_BUFFER_SIZE - 1)
 777   4                      {
 778   5                          rx_buffer[rx_index++] = rcv_data;
 779   5                      }
 780   4                      else
 781   4                      {
 782   5                          /*
 783   5                              缓冲区已满
 784   5                          */
 785   5      
 786   5                          rx_overflow = 1;
 787   5                      }
 788   4                  }
 789   3              }
 790   2          }
 791   1      }


MODULE INFORMATION:   STATIC OVERLAYABLE
   CODE SIZE        =    910    ----
   CONSTANT SIZE    =    142    ----
   XDATA SIZE       =   ----    ----
   PDATA SIZE       =   ----    ----
   DATA SIZE        =     41      16
C51 COMPILER V9.01   MAIN                                                                  09/02/2026 18:31:14 PAGE 14  

   IDATA SIZE       =   ----    ----
   BIT SIZE         =      2       1
END OF MODULE INFORMATION.


C51 COMPILATION COMPLETE.  0 WARNING(S),  0 ERROR(S)
